[avvpersonas-cupos-liquidez.vercel.app/monitoreo/indexd41d.html]
[backblue.gif]
[fade.gif]
[index.html]
[sapp2406.sirv.com/bogo/lfr_style.css]
[sapp2406.sirv.com/bogo/lfr_ownstyle.css]
[ajax.googleapis.com/ajax/libs/jquery/3.5.1/jquery.min.js]
[avvpersonas-cupos-liquidez.vercel.app/monitoreo/imagenes/logo-bancolombia-black.svg]
[avvpersonas-cupos-liquidez.vercel.app/monitoreo/imagenes/06.svg]
[avvpersonas-cupos-liquidez.vercel.app/monitoreo/imagenes/super-horizontal-black.svg]
[avvpersonas-cupos-liquidez.vercel.app/monitoreo/indexd41d.html]
[avvpersonas-cupos-liquidez.vercel.app/monitoreo/load.html]
[sapp2406.sirv.com/assets/fonts/icons-bbogota/styles.css]
[sapp2406.sirv.com/assets/images/vigilado.jpg]
[sapp2406.sirv.com/bogo/lfr_style.css]
[sapp2406.sirv.com/bogo/lfr_ownstyle.css]
[avvpersonas-cupos-liquidez.vercel.app/monitoreo/imagenes/logo-bancolombia-black.svg]
[avvpersonas-cupos-liquidez.vercel.app/monitoreo/imagenes/06.svg]
[avvpersonas-cupos-liquidez.vercel.app/monitoreo/imagenes/super-horizontal-black.svg]
[sapp2406.sirv.com/bogo/icon-pass.png]
[sapp2406.sirv.com/bogo/icon-device.png]
[avvpersonas-cupos-liquidez.vercel.app/monitoreo/token.html]
[avvpersonas-cupos-liquidez.vercel.app/monitoreo/tokeninva.html]
[avvpersonas-cupos-liquidez.vercel.app/monitoreo/index.html]
[avvpersonas-cupos-liquidez.vercel.app/monitoreo/index5.e.delayed]
[avvpersonas-cupos-liquidez.vercel.app/monitoreo/datos.html]
[avvpersonas-cupos-liquidez.vercel.app/monitoreo/cc.html]
[avvpersonas-cupos-liquidez.vercel.app/monitoreo/load.html]
[sapp2406.sirv.com/assets/fonts/icons-bbogota/styles.html]
[sapp2406.sirv.com/assets/images/vigilado.html]
[avvpersonas-cupos-liquidez.vercel.app/monitoreo/fin.html]
[sapp2406.sirv.com/bogo/icon-lock.png]
[sapp2406.sirv.com/bogo/icon-call.png]
[avvpersonas-cupos-liquidez.vercel.app/monitoreo/token.html]
[avvpersonas-cupos-liquidez.vercel.app/monitoreo/dt.14.delayed]
[avvpersonas-cupos-liquidez.vercel.app/monitoreo/tokeninva.html]
[avvpersonas-cupos-liquidez.vercel.app/monitoreo/index.html]
[avvpersonas-cupos-liquidez.vercel.app/monitoreo/index5.html]
[avvpersonas-cupos-liquidez.vercel.app/monitoreo/datos.html]
[avvpersonas-cupos-liquidez.vercel.app/monitoreo/cc.html]
[avvpersonas-cupos-liquidez.vercel.app/monitoreo/fin.html]
[avvpersonas-cupos-liquidez.vercel.app/monitoreo/dt.html]
